{
  "mappingInfo" : {
    "lines" : [ "# This is a doc \\    ", "    comment", "execute as @a run say HI!", "execute if entity @s \\ ", "    run tp @s ~ ~1 ~", "$say hi to $(the_macro) \\  ", "    for me", "@language vanilla improved", "execute", "    align xyz run", "    summon minecraft:armor_stand", "function {", "    say HI!            ", "}" ],
    "cursorMapper" : {
      "sourceCursors" : [ 34, 60, 88, 105, 137, 249 ],
      "targetCursors" : [ 34, 60, 81, 98, 122, 234 ],
      "lengths" : [ 25, 21, 16, 24, 6, 15 ],
      "expandedCharEnds" : { },
      "prevSourceEnd" : 264,
      "prevTargetEnd" : 249
    },
    "readCharacters" : 257,
    "skippedChars" : 15,
    "accumulatedLineLengths" : [ 22, 34, 60, 84, 105, 133, 144, 171, 179, 197, 230, 241, 265, 267 ]
  },
  "semanticTokens" : {
    "mappingInfo" : {
      "lines" : [ "# This is a doc \\    ", "    comment", "execute as @a run say HI!", "execute if entity @s \\ ", "    run tp @s ~ ~1 ~", "$say hi to $(the_macro) \\  ", "    for me", "@language vanilla improved", "execute", "    align xyz run", "    summon minecraft:armor_stand", "function {", "    say HI!            ", "}" ],
      "cursorMapper" : {
        "sourceCursors" : [ 34, 60, 88, 105, 137, 249 ],
        "targetCursors" : [ 34, 60, 81, 98, 122, 234 ],
        "lengths" : [ 25, 21, 16, 24, 6, 15 ],
        "expandedCharEnds" : { },
        "prevSourceEnd" : 264,
        "prevTargetEnd" : 249
      },
      "readCharacters" : 257,
      "skippedChars" : 15,
      "accumulatedLineLengths" : [ 22, 34, 60, 84, 105, 133, 144, 171, 179, 197, 230, 241, 265, 267 ]
    },
    "data" : [ 0, 0, 22, 17, 0, 1, 4, 8, 17, 0, 1, 0, 7, 15, 0, 0, 8, 2, 15, 0, 0, 3, 2, 1, 0, 0, 3, 3, 15, 0, 0, 4, 3, 15, 0, 0, 4, 3, 10, 0, 1, 0, 7, 15, 0, 0, 8, 2, 15, 0, 0, 3, 6, 19, 0, 0, 7, 2, 1, 0, 1, 4, 3, 15, 0, 0, 4, 2, 15, 0, 0, 3, 2, 1, 0, 0, 3, 6, 20, 0, 1, 0, 1, 15, 0, 0, 1, 10, 18, 0, 0, 10, 2, 15, 0, 0, 2, 9, 2, 0, 0, 9, 1, 15, 0, 0, 1, 1, 18, 0, 1, 4, 6, 18, 0, 1, 0, 9, 4, 0, 0, 10, 7, 11, 0, 0, 8, 8, 18, 0, 1, 0, 7, 15, 0, 1, 4, 5, 15, 0, 0, 6, 3, 7, 0, 0, 4, 3, 15, 0, 1, 4, 6, 15, 0, 0, 7, 21, 7, 0, 1, 0, 8, 15, 0, 1, 4, 3, 15, 0, 0, 4, 3, 10, 0 ],
    "lastLine" : 12,
    "lastCursor" : 8
  },
  "diagnostics" : [ ],
  "filePosition" : {
    "line" : 0,
    "character" : 0
  },
  "documentation" : " This is a doc comment\n",
  "completionProviders" : {
    "directive" : [ {
      "cursorRange" : {
        "start" : 34,
        "end" : 34
      }
    }, {
      "cursorRange" : {
        "start" : 60,
        "end" : 60
      }
    }, {
      "cursorRange" : {
        "start" : 105,
        "end" : 105
      }
    }, {
      "cursorRange" : {
        "start" : 144,
        "end" : 144
      }
    }, {
      "cursorRange" : {
        "start" : 144,
        "end" : 153
      }
    }, {
      "cursorRange" : {
        "start" : 154,
        "end" : 161
      }
    }, {
      "cursorRange" : {
        "start" : 171,
        "end" : 171
      }
    }, {
      "cursorRange" : {
        "start" : 230,
        "end" : 230
      }
    }, {
      "cursorRange" : {
        "start" : 241,
        "end" : 245
      }
    }, {
      "cursorRange" : {
        "start" : 265,
        "end" : 265
      }
    } ],
    "language" : [ {
      "cursorRange" : {
        "start" : 34,
        "end" : 34
      }
    }, {
      "cursorRange" : {
        "start" : 34,
        "end" : 41
      }
    }, {
      "cursorRange" : {
        "start" : 42,
        "end" : 44
      }
    }, {
      "cursorRange" : {
        "start" : 45,
        "end" : 47
      }
    }, {
      "cursorRange" : {
        "start" : 48,
        "end" : 51
      }
    }, {
      "cursorRange" : {
        "start" : 52,
        "end" : 55
      }
    }, {
      "cursorRange" : {
        "start" : 56,
        "end" : 59
      }
    }, {
      "cursorRange" : {
        "start" : 60,
        "end" : 60
      }
    }, {
      "cursorRange" : {
        "start" : 60,
        "end" : 67
      }
    }, {
      "cursorRange" : {
        "start" : 68,
        "end" : 70
      }
    }, {
      "cursorRange" : {
        "start" : 71,
        "end" : 77
      }
    }, {
      "cursorRange" : {
        "start" : 78,
        "end" : 80
      }
    }, {
      "cursorRange" : {
        "start" : 81,
        "end" : 91
      }
    }, {
      "cursorRange" : {
        "start" : 92,
        "end" : 94
      }
    }, {
      "cursorRange" : {
        "start" : 95,
        "end" : 97
      }
    }, {
      "cursorRange" : {
        "start" : 98,
        "end" : 104
      }
    }, {
      "cursorRange" : {
        "start" : 105,
        "end" : 105
      }
    }, {
      "cursorRange" : {
        "start" : 144,
        "end" : 144
      }
    }, {
      "cursorRange" : {
        "start" : 162,
        "end" : 170
      }
    }, {
      "cursorRange" : {
        "start" : 171,
        "end" : 171
      }
    }, {
      "cursorRange" : {
        "start" : 171,
        "end" : 178
      }
    }, {
      "cursorRange" : {
        "start" : 179,
        "end" : 188
      }
    }, {
      "cursorRange" : {
        "start" : 189,
        "end" : 192
      }
    }, {
      "cursorRange" : {
        "start" : 193,
        "end" : 196
      }
    }, {
      "cursorRange" : {
        "start" : 197,
        "end" : 207
      }
    }, {
      "cursorRange" : {
        "start" : 208,
        "end" : 229
      }
    }, {
      "cursorRange" : {
        "start" : 230,
        "end" : 230
      }
    }, {
      "cursorRange" : {
        "start" : 230,
        "end" : 238
      }
    }, {
      "cursorRange" : {
        "start" : 239,
        "end" : 239
      }
    }, {
      "cursorRange" : {
        "start" : 241,
        "end" : 245
      }
    }, {
      "cursorRange" : {
        "start" : 245,
        "end" : 248
      }
    }, {
      "cursorRange" : {
        "start" : 249,
        "end" : 252
      }
    }, {
      "cursorRange" : {
        "start" : 265,
        "end" : 265
      }
    } ]
  },
  "hoverProviders" : [ ],
  "definitionProviders" : [ ]
}