[ {
  "value" : "execute as @a run say HI!\n"
}, {
  "value" : "execute if entity @s run tp @s ~ ~1 ~\n"
}, {
  "value" : "$say hi to $(the_macro) for me\n"
}, {
  "value" : "execute align xyz run summon minecraft:armor_stand\n"
}, {
  "value" : "function "
}, {
  "value" : {
    "type" : {
      "prefix" : "function",
      "fileExtension" : "mcfunction"
    },
    "content" : [ {
      "value" : "say HI!\n"
    } ]
  }
}, {
  "value" : "\n"
} ]